// Jest Snapshot v1, https://goo.gl/fbAQLP

exports[`App renders correctly 1`] = `
<DocumentFragment>
  <div
    class="app"
  >
    <img
      alt="nasaLogo"
      class="nasa"
      src="nasalogotransparent.png"
    />
    <form
      class="search-form"
    >
      <input
        class="search-input"
        id="search-smaller"
        type="text"
      />
      <button
        class="search-button"
        type="submit"
      >
        Search
      </button>
    </form>
    <div
      class="App light"
    >
      <button
        class="dark-mode-button"
      >
        Toggle Darkmode
      </button>
    </div>
    <p>
      No results
    </p>
  </div>
</DocumentFragment>
`;
