// Jest Snapshot v1, https://goo.gl/fbAQLP

exports[`DarkMode renders correctly 1`] = `
<DocumentFragment>
  <div
    class="light"
    data-testid="div"
  >
    <button
      class="dark-mode-button"
    >
      Dark Mode
    </button>
  </div>
</DocumentFragment>
`;
